MO four_bit_counter NULL four_bit_counter.v vlg59/four__bit__counter.bin 1674422030
MO led NULL led.v vlg69/led.bin 1674422030
MO ClkDivider NULL ClkDivider.v vlg55/_clk_divider.bin 1674422030
MO ssb NULL ssb.v vlg5C/ssb.bin 1674422030
MO score NULL score.v vlg10/score.bin 1674422030
MO main_block NULL main_block.v vlg6F/main__block.bin 1674422030
